========= ======== =========== =========== =======================
asset_ref taxonomy lon         lat         structural             
========= ======== =========== =========== =======================
a0        "RM"     8.12985E+01 2.91098E+01 3.36883E+02 9.85996E+01
a1        "RC+"    8.30823E+01 2.79006E+01 7.16556E+01 0.00000E+00
a2        "W/1"    8.57477E+01 2.79015E+01 1.71970E+02 1.03687E+02
a3        "RM"     8.57477E+01 2.79015E+01 2.28190E+02 0.00000E+00
========= ======== =========== =========== =======================