<?xml version="1.0" encoding="utf-8"?>
<nrml
xmlns="http://openquake.org/xmlns/nrml/0.5"
xmlns:gml="http://www.opengis.net/gml"
>
    <aggregateLossCurve
    gsimTreePath="b1"
    investigationTime="10000.0"
    lossType="occupants"
    riskInvestigationTime="1.0"
    sourceModelTreePath="b1"
    unit="people"
    >
        <poEs>
            3.84416E-02 2.88749E-02 6.87623E-03 2.99549E-03 1.69855E-03 1.19931E-03 8.99613E-04 3.99947E-04 1.99974E-04 0.00000E+00
        </poEs>
        <losses>
            0.00000E+00 6.74910E-03 1.34982E-02 2.02473E-02 2.69964E-02 3.37455E-02 4.04946E-02 4.72437E-02 5.39928E-02 6.07419E-02
        </losses>
        <averageLoss>
            4.20907E-04
        </averageLoss>
    </aggregateLossCurve>
</nrml>
