structural-unit,structural-mean,structural-stddev
USD,4.322255E+02,1.868645E+02
USD,1.048596E+02,1.453698E+02
