<?xml version="1.0" encoding="utf-8"?>
<nrml
xmlns="http://openquake.org/xmlns/nrml/0.5"
xmlns:gml="http://www.opengis.net/gml"
>
    <aggregateLossCurve
    investigationTime="50.0"
    lossType="nonstructural"
    riskInvestigationTime="50.0"
    statistics="mean"
    unit="EUR"
    >
        <poEs>
            6.72808E-01 6.25020E-01 4.48442E-01 4.05935E-01 3.72913E-01 3.16387E-01 2.75440E-01 2.47622E-01 1.80246E-01 1.48323E-01 1.15020E-01 9.40313E-02 7.06025E-02 4.75813E-02 2.43853E-02 2.43853E-02 2.43853E-02 2.43853E-02 2.43853E-02 0.00000E+00
        </poEs>
        <losses>
            0.00000E+00 3.57025E+01 7.14050E+01 1.07107E+02 1.42810E+02 1.78512E+02 2.14215E+02 2.49917E+02 2.85620E+02 3.21322E+02 3.57025E+02 3.92727E+02 4.28430E+02 4.64132E+02 4.99835E+02 5.35537E+02 5.71240E+02 6.06942E+02 6.42645E+02 6.78347E+02
        </losses>
        <averageLoss>
            1.36392E+02
        </averageLoss>
    </aggregateLossCurve>
</nrml>
