asset_ref,taxonomy,lon,lat,nonstructural,structural
a0,"RM",81.29850,29.10980,6.10856E+01,2.75512E+02
a1,"RC",83.08230,27.90060,5.45261E+01,6.24332E+01
a2,"W",85.74770,27.90150,8.45950E+00,1.55704E+02
a3,"RM",85.74770,27.90150,1.48798E+01,2.28190E+02
