asset_ref,taxonomy,lon,lat,nonstructural~poe-0.1,structural~poe-0.1
a0,"RM",81.29850,29.10980,2.91573E+02,7.30219E+02
a1,"RC",83.08230,27.90060,1.70289E+02,0.00000E+00
a2,"W",85.74770,27.90150,3.19168E+01,6.43406E+02
a3,"RM",85.74770,27.90150,0.00000E+00,0.00000E+00
