<?xml version="1.0" encoding="utf-8"?>
<nrml
xmlns="http://openquake.org/xmlns/nrml/0.5"
xmlns:gml="http://www.opengis.net/gml"
>
    <lossCurves
    investigationTime="50.0"
    lossType="nonstructural"
    riskInvestigationTime="50.0"
    statistics="mean"
    unit="EUR"
    >
        <lossCurve
        assetRef="a0"
        >
            <gml:Point>
                <gml:pos>
                    81.2985 29.1098
                </gml:pos>
            </gml:Point>
            <poEs>
                2.55475E-01 2.55475E-01 2.55475E-01 1.38216E-01 7.19666E-02 2.43853E-02 0.00000E+00 0.00000E+00 0.00000E+00 0.00000E+00 0.00000E+00 0.00000E+00
            </poEs>
            <losses>
                1.50000E+01 3.00000E+01 1.50000E+02 3.00000E+02 4.50000E+02 6.00000E+02 7.50000E+02 9.00000E+02 1.05000E+03 1.20000E+03 1.35000E+03 1.50000E+03
            </losses>
            <lossRatios>
                0.010 0.020 0.100 0.200 0.300 0.400 0.500 0.600 0.700 0.800 0.900 1.000
            </lossRatios>
            <averageLoss>
                9.95370E+01
            </averageLoss>
        </lossCurve>
        <lossCurve
        assetRef="a1"
        >
            <gml:Point>
                <gml:pos>
                    83.0823 27.9006
                </gml:pos>
            </gml:Point>
            <poEs>
                4.23050E-01 4.23050E-01 2.21199E-01 4.87705E-02 0.00000E+00 0.00000E+00 0.00000E+00 0.00000E+00 0.00000E+00 0.00000E+00 0.00000E+00 0.00000E+00
            </poEs>
            <losses>
                1.00000E+01 2.00000E+01 1.00000E+02 2.00000E+02 3.00000E+02 4.00000E+02 5.00000E+02 6.00000E+02 7.00000E+02 8.00000E+02 9.00000E+02 1.00000E+03
            </losses>
            <lossRatios>
                0.010 0.020 0.100 0.200 0.300 0.400 0.500 0.600 0.700 0.800 0.900 1.000
            </lossRatios>
            <averageLoss>
                5.51371E+01
            </averageLoss>
        </lossCurve>
        <lossCurve
        assetRef="a2"
        >
            <gml:Point>
                <gml:pos>
                    85.7477 27.9015
                </gml:pos>
            </gml:Point>
            <poEs>
                2.40191E-01 2.40191E-01 2.43853E-02 0.00000E+00 0.00000E+00 0.00000E+00 0.00000E+00 0.00000E+00 0.00000E+00 0.00000E+00 0.00000E+00 0.00000E+00
            </poEs>
            <losses>
                5.00000E+00 1.00000E+01 5.00000E+01 1.00000E+02 1.50000E+02 2.00000E+02 2.50000E+02 3.00000E+02 3.50000E+02 4.00000E+02 4.50000E+02 5.00000E+02
            </losses>
            <lossRatios>
                0.010 0.020 0.100 0.200 0.300 0.400 0.500 0.600 0.700 0.800 0.900 1.000
            </lossRatios>
            <averageLoss>
                9.00514E+00
            </averageLoss>
        </lossCurve>
        <lossCurve
        assetRef="a3"
        >
            <gml:Point>
                <gml:pos>
                    85.7477 27.9015
                </gml:pos>
            </gml:Point>
            <poEs>
                4.87705E-02 4.87705E-02 4.87705E-02 0.00000E+00 0.00000E+00 0.00000E+00 0.00000E+00 0.00000E+00 0.00000E+00 0.00000E+00 0.00000E+00 0.00000E+00
            </poEs>
            <losses>
                2.50000E+01 5.00000E+01 2.50000E+02 5.00000E+02 7.50000E+02 1.00000E+03 1.25000E+03 1.50000E+03 1.75000E+03 2.00000E+03 2.25000E+03 2.50000E+03
            </losses>
            <lossRatios>
                0.010 0.020 0.100 0.200 0.300 0.400 0.500 0.600 0.700 0.800 0.900 1.000
            </lossRatios>
            <averageLoss>
                1.60448E+01
            </averageLoss>
        </lossCurve>
    </lossCurves>
</nrml>
