structural-unit,structural-mean,structural-stddev
USD,5.951024E+02,3.674575E+02
