structural-unit,structural-mean,structural-stddev
USD,2.754788E+03,2.517918E+03
