structural-unit,structural-mean,structural-stddev
USD,2.235958E+03,2.213899E+03
