========= =========== ============= ============ ===================================================
asset_ref taxonomy    lon           lat          structural                                         
========= =========== ============= ============ ===================================================
a6        "MC-RLSB-2" -7.816800E+01 1.559329E+01 1.516023E+01 1.542719E+01 1.534858E+01 1.544684E+01
a7        "MS-SLSB-1" -7.816812E+01 1.559329E+01 9.953063E-02 1.021595E-01 1.008450E-01 1.041197E-01
========= =========== ============= ============ ===================================================