&lt;imgsrc=&amp;#106;&amp;#97;&amp;#118;&amp;#97;&amp;&lt;wbr&gt;#115;crip&amp;&lt;wbr&gt;&lt;/wbr&gt;#116;:a&lt;/imgsrc=&amp;#106;&amp;#97;&amp;#118;&amp;#97;&amp;&lt;wbr&gt;