le&amp;&lt;wbr&gt;&lt;/wbr&gt;#114;t('XS&lt;wbr&gt;&lt;/wbr&gt;;S')&gt;