&lt;imgsrc=&amp;#0000106&amp;#0000097&amp;&lt;wbr&gt;#0000118as&amp;&lt;wbr&gt;&lt;/wbr&gt;#0000099ri&amp;&lt;wbr&gt;&lt;/wbr&gt;#0000112t:&amp;&lt;wbr&gt;&lt;/wbr&gt;#0000097le&amp;&lt;wbr&gt;&lt;/wbr&gt;#0000114t(&amp;&lt;wbr&gt;&lt;/wbr&gt;#0000039XS&amp;&lt;wbr&gt;&lt;/wbr&gt;#0000083')&gt;&lt;/imgsrc=&amp;#0000106&amp;#0000097&amp;&lt;wbr&gt;