&lt;imgsrc=&amp;#x6a&amp;#x61&amp;#x76&amp;#x61&amp;#x73&amp;&lt;wbr&gt;#x63ript:&amp;&lt;wbr&gt;&lt;/wbr&gt;#x61lert(&amp;&lt;wbr&gt;&lt;/wbr&gt;#x27XSS')&gt;&lt;/imgsrc=&amp;#x6a&amp;#x61&amp;#x76&amp;#x61&amp;#x73&amp;&lt;wbr&gt;