asset_ref,taxonomy,lon,lat,nonstructural,structural
a0,"RM",81.29850,29.10980,9.95370E+01,3.06198E+02
a1,"RC",83.08230,27.90060,5.51371E+01,6.70444E+01
a2,"W",85.74770,27.90150,9.00514E+00,1.63837E+02
a3,"RM",85.74770,27.90150,1.60448E+01,2.38587E+02
