asset_ref,taxonomy,lon,lat,structural,structural_ins
a0,"RM",81.29850,29.10980,3.36883E+02,9.85996E+01
a1,"RC+",83.08230,27.90060,7.16556E+01,0.00000E+00
a2,"W/1",85.74770,27.90150,1.71970E+02,1.03687E+02
a3,"RM",85.74770,27.90150,2.28190E+02,0.00000E+00
