# source_model_tree_path=('b1',),gsim_tree_path=('b1',),investigation_time=1.0
lon,lat,PGA-0.1,PGA-0.12,PGA-0.2
0.00000,0.00000,8.646647E-01,8.241846E-01,3.666224E-01
