structural-unit,structural-mean,structural-stddev
USD,3.300000E+02,1.376975E+03
