occupants-unit,occupants-mean,occupants-stddev
people,2.442880E+00,4.029220E-01
