structural-unit,structural-mean,structural-stddev
USD,1.373295E+07,5.270098E+06
