=== ===========
rlz structural 
=== ===========
0   5.62432E+05
=== ===========