structural-unit,structural-mean,structural-stddev
USD,5.161157E+02,3.691620E+02
