=== ===========
rlz structural 
=== ===========
0   1.54451E+07
1   1.72910E+07
=== ===========