=== Testing Rebo2SiCH ===
           CH2_s1A1d        -8.4692540942        -8.4693000000         0.0000459058  .ok.
                 CH3       -13.3750380175       -13.3750000000        -0.0000380175  .ok.
                 CH4       -18.1848639497       -18.1851000000         0.0002360503  .ok.
                 C2H       -11.5721593266       -11.5722000000         0.0000406734  .ok.
                C2H2       -17.5651133533       -17.5651000000        -0.0000133533  .ok.
                C2H4       -24.5284526545       -24.4077000000        -0.1207526545      .failed.
              H3C2H2       -26.5877080430       -26.5601000000        -0.0276080430      .failed.
                C2H6       -30.8453176951       -30.8457000000         0.0003823049  .ok.
            C3H4_C2v       -28.3610314242       -28.2589000000        -0.1021314242      .failed.
           CH2=C=CH2       -30.3511976163       -30.2392000000        -0.1119976163      .failed.
             propyne       -30.3074145843       -30.3076000000         0.0001854157  .ok.
            C3H6_D3h       -36.8887907243       -36.8887000000        -0.0000907243  .ok.
             C3H6_Cs       -37.5115305933       -37.3047000000        -0.2068305933      .failed.
                C3H8       -43.5884948407       -43.5891000000         0.0006051593  .ok.
         cyclobutene       -42.3539517786       -42.1801000000        -0.1738517786      .failed.
           butadiene       -43.3979035601       -43.0035000000        -0.3944035601      .failed.
         CH3CH=C=CH2       -43.3319565420       -43.1367000000        -0.1952565420      .failed.
            1-butyne       -43.0505901147       -43.0510000000         0.0004098853  .ok.
            2-butyne       -43.0497158159       -43.0501000000         0.0003841841  .ok.
         cyclobutane       -49.8982733964       -49.7304000000        -0.1678733964      .failed.
            1-butene       -50.2553960041       -50.0487000000        -0.2066960041      .failed.
          cis-butene       -50.4948245049       -50.2017000000        -0.2931245049      .failed.
              i-C4H9       -52.0722203678       -52.0451000000        -0.0271203678      .failed.
              t-C4H9       -52.6582945082       -52.3778000000        -0.2804945082      .failed.
        trans-butane       -56.3317027076       -56.3326000000         0.0008972924  .ok.
           isobutane       -56.3298744447       -56.3309000000         0.0010255553  .ok.
      1,3-pentadiene       -56.3731368653       -55.9025000000        -0.4706368653      .failed.
      1,4-pentadiene       -56.9219321260       -56.5078000000        -0.4141321260      .failed.
        cyclopentene       -57.3888846372       -57.1119000000        -0.2769846372      .failed.
      1,2-pentadiene       -56.0758452636       -58.7350000000         2.6591547364      .failed.
      2,3-pentadiene       -56.3127154251       -58.8900000000         2.5772845749      .failed.
        cyclopentane       -63.6444177221       -63.6443000000        -0.0001177221  .ok.
           2-pentene       -63.2386879053       -62.9456000000        -0.2930879053      .failed.
   1-butene,2-methyl       -63.4142169754       -62.9658000000        -0.4484169754      .failed.
   2-butene,2-methyl       -63.6541577673       -63.1109000000        -0.5432577673      .failed.
           n-pentane       -69.0749097046       -69.0761000000         0.0011902954  .ok.
          isopentane       -69.0730507668       -69.0739000000         0.0008492332  .ok.
          neopentane       -69.0603668005       -69.0614000000         0.0010331995  .ok.
                C6H6       -60.2319114124       -59.3096000000        -0.9223114124      .failed.
         cyclohexane       -76.4592427708       -76.4606000000         0.0013572292  .ok.
         naphthalene       -95.9458757519       -93.8784000000        -2.0674757519      .failed.
                 SiH        -3.0700349634        -3.0700000000        -0.0000349634  .ok.
                SiH2        -6.3750983573        -6.3750000000        -0.0000983573  .ok.
                SiH3        -9.2636153286        -9.2630000000        -0.0006153286  .ok.
                SiH4       -13.2561595456       -13.2560000000        -0.0001595456  .ok.
                Si2H        -6.0170469405        -6.0170000000        -0.0000469405  .ok.
              SiSiH2        -9.1780555625        -9.1780000000        -0.0000555625  .ok.
               Si2H2        -8.0730578815        -8.0730000000        -0.0000578815  .ok.
              SiSiH3       -12.3461000469       -12.3460000000        -0.0001000469  .ok.
             SiH2SiH       -11.8290901621       -11.8290000000        -0.0000901621  .ok.
               Si2H4       -15.3301722217       -15.3300000000        -0.0001722217  .ok.
               Si2H5       -17.9104480664       -17.9110000000         0.0005519336  .ok.
               Si2H6       -21.8565146770       -21.8560000000        -0.0005146770  .ok.
                 Si3        -6.8331142184        -6.8330000000        -0.0001142184  .ok.
         SiSiH(SiH2)       -14.4869886244       -14.4870000000         0.0000113756  .ok.
        SiH2=Si=SiH2       -18.6354293989       -18.6350000000        -0.0004293989  .ok.
           SiH3SiSiH       -17.2165386463       -17.2170000000         0.0004613537  .ok.
               Si3H5       -20.6599377556       -20.6600000000         0.0000622444  .ok.
        SiH2=SiHSiH3       -24.1675789390       -24.1670000000        -0.0005789390  .ok.
             n-Si3H7       -26.6496871267       -26.6490000000        -0.0006871267  .ok.
             i-Si3H7       -27.0907313100       -27.0900000000        -0.0007313100  .ok.
               Si3H8       -30.5532303768       -30.5530000000        -0.0002303768  .ok.
                 Si4        -8.6980366782        -8.6980000000        -0.0000366782  .ok.
         SiSiH=SiHSi       -14.4943731334       -14.4940000000        -0.0003731334  .ok.
             c-Si4H4       -21.7191682499       -21.7180000000        -0.0011682499  .ok.
    SiH2=(SiH)2=SiH2       -26.3960892760       -26.3960000000        -0.0000892760  .ok.
             c-Si4H8       -34.2612807638       -34.2600000000        -0.0012807638  .ok.
             n-Si4H9       -35.3467969631       -35.3470000000         0.0002030369  .ok.
             2-Si4H9       -35.8329665640       -35.8320000000        -0.0009665640  .ok.
            1i-Si4H9       -35.4786459737       -35.4780000000        -0.0006459737  .ok.
             i-Si4H9       -36.4206485783       -36.4210000000         0.0003514217  .ok.
              Si4H10       -39.2503311795       -39.2500000000        -0.0003311795  .ok.
            i-Si4H10       -39.3397884160       -39.3390000000        -0.0007884160  .ok.
     SiH3SiH=SiHSiH3       -33.0283632064       -33.0280000000        -0.0003632064  .ok.
      (SiH3)2Si=SiH2       -33.1685240014       -33.1680000000        -0.0005240014  .ok.
            n-Si5H12       -47.9474294082       -47.9460000000        -0.0014294082  .ok.
            c-Si5H10       -43.4715832016       -43.4700000000        -0.0015832016  .ok.
            i-Si5H12       -48.0373524288       -48.0360000000        -0.0013524288  .ok.
              Si5H12       -48.3362081033       -48.3360000000        -0.0002081033  .ok.
               Si6H5       -30.8883195287       -30.8880000000        -0.0003195287  .ok.
               Si6H6       -34.3862365322       -34.3860000000        -0.0002365322  .ok.
 (SiH3)2Si=Si(SiH3)2       -51.0465000808       -51.0460000000        -0.0005000808  .ok.
            c-Si6H12       -52.1825880774       -52.1820000000        -0.0005880774  .ok.
              Si6H14       -56.6445273705       -56.6440000000        -0.0005273705  .ok.
        (CH3)2Si=CH2       -43.7244470062       -43.7240000000        -0.0004470062  .ok.
         (CH3)3CSiH3       -61.5346485700       -61.5350000000         0.0003514300  .ok.
        (CH3)3SiSiH3       -58.8644194305       -58.8640000000        -0.0004194305  .ok.
            (CH3)4Si       -62.3736448019       -62.3740000000         0.0003551981  .ok.
        (SiH3)2C=CH2       -40.4597501294       -40.4500000000        -0.0097501294      .failed.
          (SiH3)2CH2       -34.3385717842       -34.3380000000        -0.0005717842  .ok.
      (SiH3)2CH3CCH3       -58.1842384706       -58.1840000000        -0.0002384706  .ok.
        (SiH3)2CHCH3       -46.2033984645       -46.2030000000        -0.0003984645  .ok.
     (SiH3)2Si(CH3)2       -55.3551106412       -55.3550000000        -0.0001106412  .ok.
       (SiH3)2SiHCH3       -43.0777629976       -43.0780000000         0.0002370024  .ok.
           CH(SiH3)3       -43.6835161333       -43.6830000000        -0.0005161333  .ok.
       CH2=Si(SiH3)2       -36.4124999008       -36.4110000000        -0.0014999008  .ok.
            CH2SiCH2       -23.1798814849       -23.1800000000         0.0001185151  .ok.
         CH3C(SiH3)3       -55.0556139881       -55.0550000000        -0.0006139881  .ok.
          CH3Si==SiH       -20.2695870475       -20.2700000000         0.0004129525  .ok.
          CH3SiH2CH3       -38.0054211136       -38.0060000000         0.0005788864  .ok.
        CH3SiH3CHCH3       -49.4579063515       -49.4590000000         0.0010936485  .ok.
       CH3SiH3Si=CH2       -40.0685020807       -40.0680000000        -0.0005020807  .ok.
          CH3SiH=CH2       -31.4154142863       -31.4160000000         0.0005857137  .ok.
           SiH(CH3)3       -50.0968891167       -50.0970000000         0.0001108833  .ok.
         SiH2=C=SiH2       -22.0407049682       -22.0410000000         0.0002950318  .ok.
         SiH2=CHSiH3       -28.0268026781       -28.0260000000        -0.0008026781  .ok.
        SiH2C(SiH3)2       -36.9814930855       -36.9800000000        -0.0014930855  .ok.
             SiH2CH2       -18.9424185947       -18.9430000000         0.0005814053  .ok.
           SiH3C==CH       -25.8929385157       -25.8930000000         0.0000614843  .ok.
          SiH3CH2CH3       -37.4710834938       -37.4710000000        -0.0000834938  .ok.
             SiH3CH3       -25.6100501818       -25.6100000000        -0.0000501818  .ok.
   SiH3CH3C=CSiH3CH3       -64.5222763921       -64.5220000000        -0.0002763921  .ok.
       SiH3SiH(CH3)2       -46.5873841402       -46.5870000000        -0.0003841402  .ok.
         SiH3SiH2CH3       -34.2183493944       -34.2180000000        -0.0003493944  .ok.
         SiH3SiH=CH2       -27.7592438541       -27.7590000000        -0.0002438541  .ok.
             SiH==CH       -10.6669176554       -10.6660000000        -0.0009176554  .ok.
                CCSi       -11.1190529377       -11.1190000000        -0.0000529377  .ok.
          CH2CH2SiH3       -33.1333030426       -33.1330000000        -0.0003030426  .ok.
               CH2Si       -13.1566118418       -13.1570000000         0.0003881582  .ok.
             CH2SiH3       -21.8060652116       -21.8060000000        -0.0000652116  .ok.
            CH3CH2Si       -26.5872975846       -26.5880000000         0.0007024154  .ok.
           CH3CH2SiH       -30.3934017009       -30.3930000000        -0.0004017009  .ok.
          CH3CH2SiH2       -33.6824925105       -33.6820000000        -0.0004925105  .ok.
           CH3CHSiH3       -34.1716975036       -34.1720000000         0.0003024964  .ok.
              CH3SiH       -18.4953471736       -18.4960000000         0.0006528264  .ok.
             CH3SiH2       -21.8180825451       -21.8170000000        -0.0010825451  .ok.
           CH3SiH2Si       -24.7308369503       -24.7300000000        -0.0008369503  .ok.
          CH3SiH2SiH       -27.8348782987       -27.8340000000        -0.0008782987  .ok.
         CH3SiH2SiH2       -30.2803071789       -30.2800000000        -0.0003071789  .ok.
           CH3SiHCH3       -34.4821915534       -34.4820000000        -0.0001915534  .ok.
          CH3SiHSiH3       -30.9595742967       -30.9590000000        -0.0005742967  .ok.
           CHCH2SiH3       -31.7324231721       -31.7320000000        -0.0004231721  .ok.
              CHSiH2       -14.2802771332       -14.2800000000        -0.0002771332  .ok.
          CHSiH2SiH3       -28.0268026137       -28.0260000000        -0.0008026137  .ok.
              CHSiH3       -17.1938145754       -17.1940000000         0.0001854246  .ok.
                CHSi        -8.1988950466        -8.1990000000         0.0001049534  .ok.
                CSiC        -8.0884446091        -8.0880000000        -0.0004446091  .ok.
                CSiH        -7.0995316963        -7.1000000000         0.0004683037  .ok.
           CSiH2SiH3       -23.3890719389       -23.3710000000        -0.0180719389      .failed.
               CSiH3       -12.4971190431       -12.4970000000        -0.0001190431  .ok.
               CSiSi        -8.3564050039        -8.3560000000        -0.0004050039  .ok.
                 CSi        -4.3879836068        -4.3880000000         0.0000163932  .ok.
               SiCSi       -10.1580687287       -10.1580000000        -0.0000687287  .ok.
          SiH3CHSiH3       -30.7852989392       -30.7850000000        -0.0002989392  .ok.
          SiH2(CH3)2       -38.0054210611       -38.0050000000        -0.0004210611  .ok.
          SiH2(CH3)2       -38.0054210611       -38.0050000000        -0.0004210611  .ok.
121 molecule tests ok, 25 molecule tests failed.
