=== ===================== =========== ============= =========== =========== ========================= ============ ================= ============= ==============
rlz business_interruption contents    nonstructural occupants   structural  business_interruption_ins contents_ins nonstructural_ins occupants_ins structural_ins
=== ===================== =========== ============= =========== =========== ========================= ============ ================= ============= ==============
0   6.01135E+02           3.89376E+03 6.08383E+03   1.20227E-02 6.19036E+02 1.26000E+01               1.19000E+01  1.26000E+01       0.00000E+00   2.80000E+00   
1   4.87304E+02           3.26309E+03 4.87838E+03   9.74608E-03 7.13172E+02 9.80000E+00               9.80000E+00  9.80000E+00       0.00000E+00   2.10000E+00   
2   4.08156E+02           2.83129E+03 3.93263E+03   8.16312E-03 1.09650E+03 4.90000E+00               4.90000E+00  4.90000E+00       0.00000E+00   2.80000E+00   
3   5.11885E+02           3.42438E+03 4.60510E+03   1.02377E-02 1.55615E+03 4.20000E+00               4.20000E+00  4.20000E+00       0.00000E+00   3.50000E+00   
=== ===================== =========== ============= =========== =========== ========================= ============ ================= ============= ==============