# smlt_path=b1,gsimlt_path=b1,imt=SA,investigation_time=50.0,lon=10.1,lat=40.1,poe=0.1,iml=0.327978087042
TRT,poe
Active Shallow Crust,9.19933E-02
