# smlt_path=b1,gsimlt_path=b1,imt=SA,investigation_time=50.0,lon=10.1,lat=40.1,poe=0.02,iml=0.600691712418
TRT,poe
Active Shallow Crust,1.82748E-02
