<?xml version="1.0" encoding="utf-8"?>
<nrml
xmlns="http://openquake.org/xmlns/nrml/0.5"
xmlns:gml="http://www.opengis.net/gml"
>
    <aggregateLossCurve
    investigationTime="2.0"
    lossType="structural"
    riskInvestigationTime="2.0"
    statistics="mean"
    unit="EUR"
    >
        <poEs>
            7.34187E-01 2.58874E-01 2.39340E-01 2.22572E-01 2.22572E-01 2.22572E-01 1.76994E-01 1.76994E-01 1.23896E-01 1.23896E-01 1.23896E-01 1.23896E-01 1.23896E-01 1.23896E-01 1.23896E-01 1.23896E-01 1.23896E-01 1.23896E-01 1.23896E-01 0.00000E+00
        </poEs>
        <losses>
            0.00000E+00 1.51649E+05 3.03298E+05 4.54947E+05 6.06596E+05 7.58245E+05 9.09894E+05 1.06154E+06 1.21319E+06 1.36484E+06 1.51649E+06 1.66814E+06 1.81979E+06 1.97144E+06 2.12309E+06 2.27473E+06 2.42638E+06 2.57803E+06 2.72968E+06 2.88133E+06
        </losses>
        <averageLoss>
            4.83151E+05
        </averageLoss>
    </aggregateLossCurve>
</nrml>
